LTspice 26.0.2 for MacOS
Circuit: /private/tmp/dac_1v3_bypass.cir
Start Time: Tue Sep 29 11:18:58 2026

.step l312=5e-09
solver = Normal
Maximum thread count: 10
tnom = 27
temp = 27
method = trap
.OP point found by inspection.
.OP point found by inspection.

.step l312=2e-08
.OP point found by inspection.
.OP point found by inspection.
Total elapsed time: 0.186 seconds.

Files loaded:
/private/tmp/dac_1v3_bypass.cir


Measurement: z_100k
  step	mag(V(vdd)) 	at
     1	(-6.41499275215dB,0°)	100000
     2	(-6.43055797756dB,0°)	100000

Measurement: z_1meg
  step	mag(V(vdd)) 	at
     1	(-21.6066937867dB,0°)	1000000
     2	(-27.2581421531dB,0°)	1000000

Measurement: z_10meg
  step	mag(V(vdd)) 	at
     1	(-23.5942000166dB,0°)	10000000
     2	(-23.8797599209dB,0°)	10000000

Measurement: z_80meg
  step	mag(V(vdd)) 	at
     1	(-3.58436853809dB,0°)	80000000
     2	(-1.67174628529dB,0°)	80000000
