LTspice 26.0.2 for MacOS
Circuit: /private/tmp/emsrun/ems_rf_sweep.cir
Start Time: Wed Sep 30 09:22:46 2026

.step cl=1e-10 lbd=1.9e-07 rbd=180
solver = Normal
Maximum thread count: 10
tnom = 27
temp = 27
method = trap
.OP point found by inspection.
.OP point found by inspection.

.step cl=4.7e-10 lbd=1.9e-07 rbd=180
.OP point found by inspection.
.OP point found by inspection.

.step cl=1e-09 lbd=1.9e-07 rbd=180
.OP point found by inspection.
.OP point found by inspection.

.step cl=1e-10 lbd=1e-06 rbd=180
.OP point found by inspection.
.OP point found by inspection.

.step cl=4.7e-10 lbd=1e-06 rbd=180
.OP point found by inspection.
.OP point found by inspection.

.step cl=1e-09 lbd=1e-06 rbd=180
.OP point found by inspection.
.OP point found by inspection.

.step cl=1e-10 lbd=1.9e-07 rbd=600
.OP point found by inspection.
.OP point found by inspection.

.step cl=4.7e-10 lbd=1.9e-07 rbd=600
.OP point found by inspection.
.OP point found by inspection.

.step cl=1e-09 lbd=1.9e-07 rbd=600
.OP point found by inspection.
.OP point found by inspection.

.step cl=1e-10 lbd=1e-06 rbd=600
.OP point found by inspection.
.OP point found by inspection.

.step cl=4.7e-10 lbd=1e-06 rbd=600
.OP point found by inspection.
.OP point found by inspection.

.step cl=1e-09 lbd=1e-06 rbd=600
.OP point found by inspection.
.OP point found by inspection.
Total elapsed time: 0.252 seconds.

Files loaded:
/private/tmp/emsrun/ems_rf_sweep.cir


Measurement: vinn_100m
  step	mag(V(inn)) 	at
     1	(-32.3538010152dB,0°)	100000000
     2	(-44.4477449809dB,0°)	100000000
     3	(-50.8088842466dB,0°)	100000000
     4	(-35.373933034dB,0°)	100000000
     5	(-47.1331065936dB,0°)	100000000
     6	(-53.4377043462dB,0°)	100000000
     7	(-33.5678322816dB,0°)	100000000
     8	(-45.6701484623dB,0°)	100000000
     9	(-52.028827854dB,0°)	100000000
    10	(-43.6131004065dB,0°)	100000000
    11	(-55.3491823021dB,0°)	100000000
    12	(-61.6432892183dB,0°)	100000000

Measurement: vinn_433m
  step	mag(V(inn)) 	at
     1	(-39.882199624dB,0°)	433000000
     2	(-53.3930454365dB,0°)	433000000
     3	(-59.9612565938dB,0°)	433000000
     4	(-40.7645509427dB,0°)	433000000
     5	(-54.2676869435dB,0°)	433000000
     6	(-60.8347395435dB,0°)	433000000
     7	(-47.288272565dB,0°)	433000000
     8	(-60.8578471078dB,0°)	433000000
     9	(-67.4342109012dB,0°)	433000000
    10	(-48.0881717754dB,0°)	433000000
    11	(-61.6272186345dB,0°)	433000000
    12	(-68.1992386088dB,0°)	433000000

Measurement: vinn_900m
  step	mag(V(inn)) 	at
     1	(-69.2791135981dB,0°)	900000000
     2	(-82.8273111206dB,0°)	900000000
     3	(-89.4005111329dB,0°)	900000000
     4	(-68.8717650397dB,0°)	900000000
     5	(-82.4108404835dB,0°)	900000000
     6	(-88.9827513597dB,0°)	900000000
     7	(-76.5289683242dB,0°)	900000000
     8	(-90.0767852966dB,0°)	900000000
     9	(-96.6498910666dB,0°)	900000000
    10	(-74.6648340916dB,0°)	900000000
    11	(-88.2033881118dB,0°)	900000000
    12	(-94.7751846452dB,0°)	900000000

Measurement: vinn_1g8
  step	mag(V(inn)) 	at
     1	(-110.163537121dB,0°)	1800000000
     2	(-123.62298725dB,0°)	1800000000
     3	(-130.183567935dB,0°)	1800000000
     4	(-109.600962334dB,0°)	1800000000
     5	(-123.058738902dB,0°)	1800000000
     6	(-129.619085024dB,0°)	1800000000
     7	(-111.70003334dB,0°)	1800000000
     8	(-125.12491434dB,0°)	1800000000
     9	(-131.680514384dB,0°)	1800000000
    10	(-110.771727992dB,0°)	1800000000
    11	(-124.191160285dB,0°)	1800000000
    12	(-130.745978957dB,0°)	1800000000

Measurement: vinn_2g4
  step	mag(V(inn)) 	at
     1	(-98.5793258985dB,0°)	2400000000
     2	(-112.057712983dB,0°)	2400000000
     3	(-118.620995529dB,0°)	2400000000
     4	(-98.2430272313dB,0°)	2400000000
     5	(-111.723955995dB,0°)	2400000000
     6	(-118.287602792dB,0°)	2400000000
     7	(-93.0217464173dB,0°)	2400000000
     8	(-106.410756466dB,0°)	2400000000
     9	(-112.961283545dB,0°)	2400000000
    10	(-91.9851505864dB,0°)	2400000000
    11	(-105.374119372dB,0°)	2400000000
    12	(-111.924677942dB,0°)	2400000000

Measurement: vinn_5g5
  step	mag(V(inn)) 	at
     1	(-105.563927438dB,0°)	5500000000
     2	(-119.019595744dB,0°)	5500000000
     3	(-125.579600857dB,0°)	5500000000
     4	(-105.577342721dB,0°)	5500000000
     5	(-119.032995917dB,0°)	5500000000
     6	(-125.592998868dB,0°)	5500000000
     7	(-105.278749855dB,0°)	5500000000
     8	(-118.734833904dB,0°)	5500000000
     9	(-125.294898449dB,0°)	5500000000
    10	(-105.298547488dB,0°)	5500000000
    11	(-118.754606192dB,0°)	5500000000
    12	(-125.314667113dB,0°)	5500000000

Measurement: vjack_900m
  step	mag(V(jack)) 	at
     1	(-20.3183928917dB,0°)	900000000
     2	(-20.3337285853dB,0°)	900000000
     3	(-20.3358990688dB,0°)	900000000
     4	(-20.3184187086dB,0°)	900000000
     5	(-20.3337297306dB,0°)	900000000
     6	(-20.3358993211dB,0°)	900000000
     7	(-20.3183799526dB,0°)	900000000
     8	(-20.3337280745dB,0°)	900000000
     9	(-20.3358989583dB,0°)	900000000
    10	(-20.3184062208dB,0°)	900000000
    11	(-20.3337292388dB,0°)	900000000
    12	(-20.3358992147dB,0°)	900000000

Measurement: vinn_max
  step	MAX(mag(V(inn)))	FROM	TO
     1	(-16.437813958dB,0°)	10000000	6000000000
     2	(-26.0440442717dB,0°)	10000000	6000000000
     3	(-29.6641052478dB,0°)	10000000	6000000000
     4	(-15.8626457444dB,0°)	10000000	6000000000
     5	(-30.6359028207dB,0°)	10000000	6000000000
     6	(-37.42341264dB,0°)	10000000	6000000000
     7	(-19.4773104989dB,0°)	10000000	6000000000
     8	(-25.1099679811dB,0°)	10000000	6000000000
     9	(-29.0566836042dB,0°)	10000000	6000000000
    10	(-22.8393971541dB,0°)	10000000	6000000000
    11	(-37.5471095842dB,0°)	10000000	6000000000
    12	(-45.3796772793dB,0°)	10000000	6000000000

Measurement: vinn_300_600
  step	MAX(mag(V(inn)) )	FROM	TO
     1	(-33.3301600044dB,0°)	300000000	600000000
     2	(-46.8214801546dB,0°)	300000000	600000000
     3	(-53.3861288355dB,0°)	300000000	600000000
     4	(-33.7923210366dB,0°)	300000000	600000000
     5	(-47.3305128491dB,0°)	300000000	600000000
     6	(-53.8933013553dB,0°)	300000000	600000000
     7	(-42.5921156404dB,0°)	300000000	600000000
     8	(-56.0708345075dB,0°)	300000000	600000000
     9	(-62.6412825018dB,0°)	300000000	600000000
    10	(-41.4800141878dB,0°)	300000000	600000000
    11	(-55.0534933538dB,0°)	300000000	600000000
    12	(-61.6204878853dB,0°)	300000000	600000000
Measurement "vinn_20k" FAIL'ed

Measurement: vout_audio
  step	mag(V(out)) 	at
     1	(-26.2621116425dB,0°)	10000000
     2	(-22.7118247504dB,0°)	10000000
     3	(-21.1779225617dB,0°)	10000000
     4	(-26.1870323128dB,0°)	10000000
     5	(-29.6938444532dB,0°)	10000000
     6	(-37.505884268dB,0°)	10000000
     7	(-26.2184330593dB,0°)	10000000
     8	(-22.5317893235dB,0°)	10000000
     9	(-20.5705009181dB,0°)	10000000
    10	(-24.7491658155dB,0°)	10000000
    11	(-29.0609268982dB,0°)	10000000
    12	(-37.6087227372dB,0°)	10000000
