LTspice 26.0.2 for MacOS
Circuit: /private/tmp/emsrun/ems_rf_best.cir
Start Time: Wed Sep 30 09:23:32 2026

.step cl=0
solver = Normal
Maximum thread count: 10
tnom = 27
temp = 27
method = trap
.OP point found by inspection.
.OP point found by inspection.

.step cl=1e-09
.OP point found by inspection.
.OP point found by inspection.
Total elapsed time: 0.139 seconds.

Files loaded:
/private/tmp/emsrun/ems_rf_best.cir


Measurement: vinn_100m
  step	mag(V(inn)) 	at
     1	(-31.8222229569dB,0°)	100000000
     2	(-61.6432892183dB,0°)	100000000

Measurement: vinn_433m
  step	mag(V(inn)) 	at
     1	(-16.0535805997dB,0°)	433000000
     2	(-68.1992386088dB,0°)	433000000

Measurement: vinn_900m
  step	mag(V(inn)) 	at
     1	(-37.9288092584dB,0°)	900000000
     2	(-94.7751846452dB,0°)	900000000

Measurement: vinn_1g8
  step	mag(V(inn)) 	at
     1	(-65.0778472466dB,0°)	1800000000
     2	(-130.745978957dB,0°)	1800000000

Measurement: vinn_2g4
  step	mag(V(inn)) 	at
     1	(-57.5012267547dB,0°)	2400000000
     2	(-111.924677942dB,0°)	2400000000

Measurement: vinn_5g5
  step	mag(V(inn)) 	at
     1	(-51.5968348092dB,0°)	5500000000
     2	(-125.314667113dB,0°)	5500000000

Measurement: vjack_900m
  step	mag(V(jack)) 	at
     1	(-21.7776614469dB,0°)	900000000
     2	(-20.3358992147dB,0°)	900000000

Measurement: vinn_max
  step	MAX(mag(V(inn)))	FROM	TO
     1	(-15.4198514453dB,0°)	10000000	6000000000
     2	(-45.3796772793dB,0°)	10000000	6000000000

Measurement: vinn_300_600
  step	MAX(mag(V(inn)) )	FROM	TO
     1	(-15.4198514453dB,0°)	300000000	600000000
     2	(-61.6204878853dB,0°)	300000000	600000000
Measurement "vinn_20k" FAIL'ed

Measurement: vout_audio
  step	mag(V(out)) 	at
     1	(-27.6240031897dB,0°)	10000000
     2	(-37.6087227372dB,0°)	10000000

Measurement: h30m
  step	mag(V(inn)) 	at
     1	(-29.5820330174dB,0°)	30000000
     2	(-56.5208275652dB,0°)	30000000

Measurement: h60m
  step	mag(V(inn)) 	at
     1	(-30.1810559089dB,0°)	60000000
     2	(-60.6025036314dB,0°)	60000000

Measurement: h100m
  step	mag(V(inn)) 	at
     1	(-31.8222229569dB,0°)	100000000
     2	(-61.6432892183dB,0°)	100000000

Measurement: h150m
  step	mag(V(inn)) 	at
     1	(-32.3012538361dB,0°)	150000000
     2	(-58.4360562054dB,0°)	150000000

Measurement: h200m
  step	mag(V(inn)) 	at
     1	(-31.6789723072dB,0°)	200000000
     2	(-46.3837896134dB,0°)	200000000

Measurement: h300m
  step	mag(V(inn)) 	at
     1	(-36.9756808116dB,0°)	300000000
     2	(-72.0982317008dB,0°)	300000000

Measurement: h433m
  step	mag(V(inn)) 	at
     1	(-16.0535805997dB,0°)	433000000
     2	(-68.1992386088dB,0°)	433000000

Measurement: h600m
  step	mag(V(inn)) 	at
     1	(-30.7248338044dB,0°)	600000000
     2	(-75.2285337089dB,0°)	600000000
