LTspice 26.0.2 for MacOS
Circuit: /private/tmp/emsrun/ems_headphone_rf.cir
Start Time: Wed Sep 30 10:58:09 2026

.step fb=0 cl=0
solver = Normal
Maximum thread count: 10
tnom = 27
temp = 27
method = trap
AsciiRawFile = true
.OP point found by inspection.
.OP point found by inspection.

.step fb=1 cl=0
.OP point found by inspection.
.OP point found by inspection.

.step fb=0 cl=2.2e-10
.OP point found by inspection.
.OP point found by inspection.

.step fb=1 cl=2.2e-10
.OP point found by inspection.
.OP point found by inspection.
Total elapsed time: 0.678 seconds.

Files loaded:
/private/tmp/emsrun/ems_headphone_rf.cir


Measurement: vinn_100m
  step	mag(V(inn)) 	at
     1	(-7.84125527025dB,0°)	100000000
     2	(-19.8671957527dB,0°)	100000000
     3	(-27.9181290448dB,0°)	100000000
     4	(-38.2746165758dB,0°)	100000000

Measurement: vinn_433m
  step	mag(V(inn)) 	at
     1	(-1.96411858513dB,0°)	433000000
     2	(-9.50606086812dB,0°)	433000000
     3	(-42.275386601dB,0°)	433000000
     4	(-46.7829553989dB,0°)	433000000

Measurement: vinn_900m
  step	mag(V(inn)) 	at
     1	(-29.7762926352dB,0°)	900000000
     2	(-34.7122979703dB,0°)	900000000
     3	(-38.5385980311dB,0°)	900000000
     4	(-76.2173446655dB,0°)	900000000

Measurement: vinn_1g8
  step	mag(V(inn)) 	at
     1	(-71.9105683156dB,0°)	1800000000
     2	(-69.5905387652dB,0°)	1800000000
     3	(-114.514343601dB,0°)	1800000000
     4	(-117.083409255dB,0°)	1800000000

Measurement: vinn_2g4
  step	mag(V(inn)) 	at
     1	(-60.7571399007dB,0°)	2400000000
     2	(-58.8345234035dB,0°)	2400000000
     3	(-109.23556267dB,0°)	2400000000
     4	(-105.45227507dB,0°)	2400000000

Measurement: vinn_5g5
  step	mag(V(inn)) 	at
     1	(-52.1591217562dB,0°)	5500000000
     2	(-51.6510372dB,0°)	5500000000
     3	(-114.607020763dB,0°)	5500000000
     4	(-112.431840988dB,0°)	5500000000

Measurement: vjack_900m
  step	mag(V(jack)) 	at
     1	(-20.3562044852dB,0°)	900000000
     2	(-21.3069452308dB,0°)	900000000
     3	(-20.3330273197dB,0°)	900000000
     4	(-20.3331638796dB,0°)	900000000

Measurement: vinn_max
  step	MAX(mag(V(inn)))	FROM	TO
     1	(-0.0728996911691dB,0°)	10000000	6000000000
     2	(-9.35902822791dB,0°)	10000000	6000000000
     3	(-15.9621443139dB,0°)	10000000	6000000000
     4	(-23.1045491338dB,0°)	10000000	6000000000

Measurement: vinn_300_600
  step	MAX(mag(V(inn)) )	FROM	TO
     1	(-1.12644442524dB,0°)	300000000	600000000
     2	(-9.35902822791dB,0°)	300000000	600000000
     3	(-32.4552416367dB,0°)	300000000	600000000
     4	(-40.125497803dB,0°)	300000000	600000000
Measurement "vinn_20k" FAIL'ed

Measurement: vout_audio
  step	mag(V(out)) 	at
     1	(-27.1639301046dB,0°)	10000000
     2	(-27.1143416116dB,0°)	10000000
     3	(-26.6858970087dB,0°)	10000000
     4	(-25.1653706402dB,0°)	10000000
