LTspice 26.0.2 for MacOS
Circuit: /Users/ooyang/dac_layout_work/signoff/lt/clk_si.cir
Start Time: Wed Oct  7 01:36:17 2026

.step tr=3e-10
solver = Normal
Maximum thread count: 10
tnom = 27
temp = 27
method = trap
AsciiRawFile = true
.OP point found by inspection.
.OP point found by inspection.

.step tr=5e-10
.OP point found by inspection.
.OP point found by inspection.

.step tr=1e-09
.OP point found by inspection.
.OP point found by inspection.
Total elapsed time: 17.523 seconds.

Files loaded:
/Users/ooyang/dac_layout_work/signoff/lt/clk_si.cir


Measurement: xi_max
  step	MAX(V(xi) )	FROM	TO
     1	3.29148536476	2e-08	6e-08
     2	3.29144002531	2e-08	6e-08
     3	3.2912799745	2e-08	6e-08

Measurement: xi_min
  step	MIN(V(xi) )	FROM	TO
     1	0.000285208804835	2e-08	6e-08
     2	0.000330548253203	2e-08	6e-08
     3	0.000490599063394	2e-08	6e-08

Measurement: xi_tr
  step	xi_tr	FROM	TO
     1	9.95792438438e-10	2.62183106958e-08	2.72141031343e-08
     2	1.06036724714e-09	2.62677060121e-08	2.73280732593e-08
     3	1.27822123464e-09	2.63637066172e-08	2.76419278518e-08

Measurement: u607_max
  step	MAX(V(u607) )	FROM	TO
     1	3.29056560817	2e-08	6e-08
     2	3.290377338	2e-08	6e-08
     3	3.28971375867	2e-08	6e-08

Measurement: bck_max
  step	MAX(V(bck) )	FROM	TO
     1	3.30000003938	2e-08	6e-08
     2	3.30000004527	2e-08	6e-08
     3	3.30000001124	2e-08	6e-08

Measurement: bck_min
  step	MIN(V(bck) )	FROM	TO
     1	-3.93851744766e-08	2e-08	6e-08
     2	-4.52690155675e-08	2e-08	6e-08
     3	-1.12380387578e-08	2e-08	6e-08

Measurement: bck_tr
  step	bck_tr	FROM	TO
     1	7.77319688931e-10	1.27661658066e-09	2.05393626959e-09
     2	8.49200691976e-10	1.32481746237e-09	2.17401815434e-09
     3	1.0883037389e-09	1.42277732518e-09	2.51108106407e-09
