LTspice 26.0.2 for MacOS
Circuit: /Users/ooyang/dac_layout_work/signoff/lt/ldo_u504.cir
Start Time: Wed Oct  7 01:23:49 2026

.step new=0
solver = Normal
Maximum thread count: 10
tnom = 27
temp = 27
method = trap
CBULK: Increased Cpar to 1e-11
C501: Increased Cpar to 7e-13
C512: Increased Cpar to 6e-12
CLD: Increased Cpar to 1.9e-12
Direct Newton iteration succeeded in finding operating point.

.step new=1
Direct Newton iteration succeeded in finding operating point.
Total elapsed time: 11.795 seconds.

Files loaded:
/Users/ooyang/dac_layout_work/signoff/lt/ldo_u504.cir
/Users/ooyang/dac_layout_work/signoff/lt/TLV76701_TRANS.lib


Measurement: vpre
  step	V(vout) 	at
     1	3.30776000023	0.00099
     2	3.30776000023	0.00099

Measurement: vmin
  step	MIN(V(vout) )	FROM	TO
     1	3.2918817997	0.001	0.0012
     2	3.29143810272	0.001	0.0012

Measurement: vmax
  step	MAX(V(vout) )	FROM	TO
     1	3.32350182533	0.0015	0.0017
     2	3.32391953468	0.0015	0.0017

Measurement: ldmin
  step	MIN(V(ld) )	FROM	TO
     1	3.28221344948	0.001	0.0012
     2	3.28175210953	0.001	0.0012

Measurement: vinmin
  step	MIN(V(vin) )	FROM	TO
     1	4.99072790146	0.001	0.0012
     2	4.99218273163	0.001	0.0012
