LTspice 26.0.2 for MacOS
Circuit: /Users/ooyang/dac_layout_work/wt/hardware/signoff/out/spice/output_loading.cir
Start Time: Wed Oct  7 22:36:45 2026
solver = Normal
Maximum thread count: 10
tnom = 27
temp = 27
method = trap
AsciiRawFile = true
.OP point found by inspection.
.OP point found by inspection.
Total elapsed time: 0.103 seconds.

Files loaded:
/Users/ooyang/dac_layout_work/wt/hardware/signoff/out/spice/output_loading.cir

g0: mag(V(o0)) =(-0.00844186540243dB,0°) at 1000
g1: mag(V(o1)) =(-0.00688409599347dB,0°) at 1000
g2: mag(V(o2)) =(-0.00236417010248dB,0°) at 1000
g3: mag(V(o3)) =(-0.00620374358797dB,0°) at 1000
g4: mag(V(o4)) =(-0.000572188561914dB,0°) at 1000
g5: mag(V(o5)) =(-0.000572989239581dB,0°) at 1000
g6: mag(V(o6)) =(-0.000787831461121dB,0°) at 1000
g7: mag(V(o7)) =(-0.00067505739569dB,0°) at 1000
g8: mag(V(o8)) =(-0.00551566118345dB,0°) at 1000
g9: mag(V(o9)) =(-0.00499571824178dB,0°) at 1000
g10: mag(V(o10)) =(-0.00542193974613dB,0°) at 1000
g11: mag(V(o11)) =(-0.00701319528207dB,0°) at 1000
