LTspice 26.0.2 for MacOS
Circuit: /Users/ooyang/dac_layout_work/wt/hardware/signoff/out/spice/pdn_DVCC.cir
Start Time: Wed Oct  7 22:35:24 2026

.step h=0.09
solver = Normal
Maximum thread count: 10
tnom = 27
temp = 27
method = trap
AsciiRawFile = true
.OP point found by inspection.
.OP point found by inspection.

.step h=0.12
.OP point found by inspection.
.OP point found by inspection.

.step h=0.2
.OP point found by inspection.
.OP point found by inspection.
Total elapsed time: 0.513 seconds.

Files loaded:
/Users/ooyang/dac_layout_work/wt/hardware/signoff/out/spice/pdn_DVCC.cir


Measurement: zmax
  step	MAX(mag(V(vdd)) )	FROM	TO
     1	(-4.31764931766dB,0°)	100000	100000000
     2	(-2.15607768733dB,0°)	100000	100000000
     3	(1.84645092592dB,0°)	100000	100000000

Measurement: zlow
  step	mag(V(vdd)) 	at
     1	(-38.864101782dB,0°)	100000
     2	(-38.6456918475dB,0°)	100000
     3	(-37.8630752972dB,0°)	100000

Measurement: zcrit
  step	mag(V(vdd)) 	at
     1	(-18.7454503789dB,0°)	22579200
     2	(-16.2642032775dB,0°)	22579200
     3	(-11.829559218dB,0°)	22579200

Measurement: zhigh
  step	mag(V(vdd)) 	at
     1	(-4.31764931766dB,0°)	100000000
     2	(-2.15607768733dB,0°)	100000000
     3	(1.84645092592dB,0°)	100000000
Measurement "fcross" FAIL'ed
