LTspice 26.0.2 for MacOS
Circuit: /Users/ooyang/dac_layout_work/wt/hardware/signoff/out/spice/pdn_AVCC_R.cir
Start Time: Wed Oct  7 22:16:29 2026

.step h=0.09
solver = Normal
Maximum thread count: 10
tnom = 27
temp = 27
method = trap
AsciiRawFile = true
.OP point found by inspection.
.OP point found by inspection.

.step h=0.12
.OP point found by inspection.
.OP point found by inspection.

.step h=0.2
.OP point found by inspection.
.OP point found by inspection.
Total elapsed time: 0.523 seconds.

Files loaded:
/Users/ooyang/dac_layout_work/wt/hardware/signoff/out/spice/pdn_AVCC_R.cir


Measurement: zmax
  step	MAX(mag(V(vdd)) )	FROM	TO
     1	(-6.14421270984dB,0°)	100000	100000000
     2	(-4.07925023338dB,0°)	100000	100000000
     3	(-0.213467970653dB,0°)	100000	100000000

Measurement: zlow
  step	mag(V(vdd)) 	at
     1	(-38.9537124364dB,0°)	100000
     2	(-38.796591165dB,0°)	100000
     3	(-38.2184553977dB,0°)	100000

Measurement: zcrit
  step	mag(V(vdd)) 	at
     1	(-21.1057261872dB,0°)	22579200
     2	(-18.637919579dB,0°)	22579200
     3	(-14.1971913492dB,0°)	22579200

Measurement: zhigh
  step	mag(V(vdd)) 	at
     1	(-6.14421270984dB,0°)	100000000
     2	(-4.07925023338dB,0°)	100000000
     3	(-0.213467970653dB,0°)	100000000
Measurement "fcross" FAIL'ed
