LTspice 26.0.2 for MacOS
Circuit: /Users/ooyang/dac_layout_work/wt/hardware/signoff/out/spice/pdn_VPOS.cir
Start Time: Wed Oct  7 22:36:31 2026

.step h=0.09
solver = Normal
Maximum thread count: 10
tnom = 27
temp = 27
method = trap
AsciiRawFile = true
.OP point found by inspection.
.OP point found by inspection.

.step h=0.12
.OP point found by inspection.
.OP point found by inspection.

.step h=0.2
.OP point found by inspection.
.OP point found by inspection.
Total elapsed time: 2.401 seconds.

Files loaded:
/Users/ooyang/dac_layout_work/wt/hardware/signoff/out/spice/pdn_VPOS.cir


Measurement: zmax
  step	MAX(mag(V(vdd)) )	FROM	TO
     1	(-2.99257363122dB,0°)	100000	100000000
     2	(-0.558481557067dB,0°)	100000	100000000
     3	(3.79974844863dB,0°)	100000	100000000

Measurement: zlow
  step	mag(V(vdd)) 	at
     1	(-26.3558551766dB,0°)	100000
     2	(-26.3834495662dB,0°)	100000
     3	(-26.4504787115dB,0°)	100000

Measurement: zcrit
  step	mag(V(vdd)) 	at
     1	(-16.1903726387dB,0°)	22579200
     2	(-13.6928766944dB,0°)	22579200
     3	(-9.25450997861dB,0°)	22579200

Measurement: zhigh
  step	mag(V(vdd)) 	at
     1	(-2.99257363122dB,0°)	100000000
     2	(-0.558481557067dB,0°)	100000000
     3	(3.79974844863dB,0°)	100000000

Measurement: fcross
  step	mag(V(vdd))=1.06944 
     1	failed
     2	failed
     3	69109830.4266
