LTspice 26.0.2 for MacOS
Circuit: /Users/ooyang/dac_layout_work/wt/hardware/signoff/out/spice/pdn_AVCC_L.cir
Start Time: Wed Oct  7 22:16:18 2026

.step h=0.09
solver = Normal
Maximum thread count: 10
tnom = 27
temp = 27
method = trap
AsciiRawFile = true
.OP point found by inspection.
.OP point found by inspection.

.step h=0.12
.OP point found by inspection.
.OP point found by inspection.

.step h=0.2
.OP point found by inspection.
.OP point found by inspection.
Total elapsed time: 0.503 seconds.

Files loaded:
/Users/ooyang/dac_layout_work/wt/hardware/signoff/out/spice/pdn_AVCC_L.cir


Measurement: zmax
  step	MAX(mag(V(vdd)) )	FROM	TO
     1	(-5.19627119153dB,0°)	100000	100000000
     2	(-3.07329144244dB,0°)	100000	100000000
     3	(0.872339991002dB,0°)	100000	100000000

Measurement: zlow
  step	mag(V(vdd)) 	at
     1	(-38.9549451002dB,0°)	100000
     2	(-38.7978252349dB,0°)	100000
     3	(-38.219666384dB,0°)	100000

Measurement: zcrit
  step	mag(V(vdd)) 	at
     1	(-19.9440360919dB,0°)	22579200
     2	(-17.448906948dB,0°)	22579200
     3	(-12.98490661dB,0°)	22579200

Measurement: zhigh
  step	mag(V(vdd)) 	at
     1	(-5.19627119153dB,0°)	100000000
     2	(-3.07329144244dB,0°)	100000000
     3	(0.872339991002dB,0°)	100000000
Measurement "fcross" FAIL'ed
